kubotamei@kubotameinoMacBook-Air ~ % mkdir git_challenge
kubotamei@kubotameinoMacBook-Air ~ % cd git_challenge
kubotamei@kubotameinoMacBook-Air git_challenge % git init
Initialized empty Git repository in /Users/kubotamei/git_challenge/.git/
kubotamei@kubotameinoMacBook-Air git_challenge % git add hello_world.txt 
kubotamei@kubotameinoMacBook-Air git_challenge % git commit -m "hello_world.txtを追加"
[main (root-commit) 31a787f] hello_world.txtを追加
 1 file changed, 1 insertion(+)
 create mode 100644 hello_world.txt
kubotamei@kubotameinoMacBook-Air git_challenge % git add hello_world.txt
kubotamei@kubotameinoMacBook-Air git_challenge % git commit -m "日本語訳を追記"
On branch main
Changes not staged for commit:
  (use "git add <file>..." to update what will be committed)
  (use "git restore <file>..." to discard changes in working directory)
        modified:   hello_world.txt


no changes added to commit (use "git add" and/or "git commit -a")
kubotamei@kubotameinoMacBook-Air git_challenge % git status
On branch main
Changes not staged for commit:
  (use "git add <file>..." to update what will be committed)
  (use "git restore <file>..." to discard changes in working directory)
        modified:   hello_world.txt


no changes added to commit (use "git add" and/or "git commit -a")
kubotamei@kubotameinoMacBook-Air git_challenge % git add hello_world/txt
fatal: pathspec 'hello_world/txt' did not match any files
kubotamei@kubotameinoMacBook-Air git_challenge % git add hello_world.txt
kubotamei@kubotameinoMacBook-Air git_challenge % git commit -m "日本語訳を追記"
[main 422a991] 日本語訳を追記
 1 file changed, 2 insertions(+), 1 deletion(-)
kubotamei@kubotameinoMacBook-Air git_challenge % git log --oneline
422a991 (HEAD -> main) 日本語訳を追記
31a787f hello_world.txtを追加